[Sat Mar  7 10:45:01 AM EST 2026] Starting Noosphere export...
[Sat Mar  7 10:45:01 AM EST 2026] Running Noosphere generators...
Wrote /home/anna/clawd/projects/noosphere/generators/../feed/2026-03-07-weather.json
  Discord: failed (405): {"message": "405: Method Not Allowed", "code": 0}
Already exists: 2026-03-07-wittgenstein
Already exists: 2026-03-07-russian
Already exists: 2026-03-07-corpus-surprise
Already exists: 2026-03-07-entropy-garden
Already exists: 2026-03-07-git-log
Already exists: 2026-03-07-midnight-postcard
Already exists: 2026-03-07-music-rec
  untranslatable: skipped (not scheduled today)
  apophenia: skipped (not scheduled today)
Already exists: 2026-03-07-penny-red
  the_diff: skipped (not scheduled today)
  typeface: skipped (not scheduled today)
  recipe: skipped (not scheduled today)
  dead_medium: skipped (not scheduled today)
  annotation: skipped (not scheduled today)
  monthly_playlist: skipped (not scheduled today)
✅ All content pools healthy.
[Sat Mar  7 10:45:19 AM EST 2026] Done.
  Exported 50 feed items
[Sat Mar  7 10:45:19 AM EST 2026] Uploading to REDACTED_HOST...
[Sat Mar  7 10:45:25 AM EST 2026] Export complete.
[Sat Mar  7 10:50:01 AM EST 2026] Starting Noosphere export...
[Sat Mar  7 10:50:01 AM EST 2026] Running Noosphere generators...
Already exists: 2026-03-07-weather
Already exists: 2026-03-07-wittgenstein
Already exists: 2026-03-07-russian
Already exists: 2026-03-07-corpus-surprise
Already exists: 2026-03-07-entropy-garden
Already exists: 2026-03-07-git-log
Already exists: 2026-03-07-midnight-postcard
Already exists: 2026-03-07-music-rec
  untranslatable: skipped (not scheduled today)
  apophenia: skipped (not scheduled today)
Already exists: 2026-03-07-penny-red
  the_diff: skipped (not scheduled today)
  typeface: skipped (not scheduled today)
  recipe: skipped (not scheduled today)
  dead_medium: skipped (not scheduled today)
  annotation: skipped (not scheduled today)
  monthly_playlist: skipped (not scheduled today)
✅ All content pools healthy.
[Sat Mar  7 10:50:01 AM EST 2026] Done.
  Exported 50 feed items
[Sat Mar  7 10:50:01 AM EST 2026] Uploading to REDACTED_HOST...
[Sat Mar  7 10:50:07 AM EST 2026] Export complete.
[Sat Mar  7 10:55:01 AM EST 2026] Starting Noosphere export...
[Sat Mar  7 10:55:01 AM EST 2026] Running Noosphere generators...
Already exists: 2026-03-07-weather
Already exists: 2026-03-07-wittgenstein
Already exists: 2026-03-07-russian
Already exists: 2026-03-07-corpus-surprise
Already exists: 2026-03-07-entropy-garden
Already exists: 2026-03-07-git-log
Already exists: 2026-03-07-midnight-postcard
Already exists: 2026-03-07-music-rec
  untranslatable: skipped (not scheduled today)
  apophenia: skipped (not scheduled today)
Already exists: 2026-03-07-penny-red
  the_diff: skipped (not scheduled today)
  typeface: skipped (not scheduled today)
  recipe: skipped (not scheduled today)
  dead_medium: skipped (not scheduled today)
  annotation: skipped (not scheduled today)
  monthly_playlist: skipped (not scheduled today)
✅ All content pools healthy.
[Sat Mar  7 10:55:02 AM EST 2026] Done.
  Exported 50 feed items
[Sat Mar  7 10:55:02 AM EST 2026] Uploading to REDACTED_HOST...
[Sat Mar  7 10:55:07 AM EST 2026] Export complete.
[Sat Mar  7 11:00:01 AM EST 2026] Starting Noosphere export...
[Sat Mar  7 11:00:01 AM EST 2026] Running Noosphere generators...
Already exists: 2026-03-07-weather
Already exists: 2026-03-07-wittgenstein
Already exists: 2026-03-07-russian
Already exists: 2026-03-07-corpus-surprise
Already exists: 2026-03-07-entropy-garden
Already exists: 2026-03-07-git-log
Already exists: 2026-03-07-midnight-postcard
Already exists: 2026-03-07-music-rec
  untranslatable: skipped (not scheduled today)
  apophenia: skipped (not scheduled today)
Already exists: 2026-03-07-penny-red
  the_diff: skipped (not scheduled today)
  typeface: skipped (not scheduled today)
  recipe: skipped (not scheduled today)
  dead_medium: skipped (not scheduled today)
  annotation: skipped (not scheduled today)
  monthly_playlist: skipped (not scheduled today)
✅ All content pools healthy.
[Sat Mar  7 11:00:01 AM EST 2026] Done.
  Exported 50 feed items
[Sat Mar  7 11:00:01 AM EST 2026] Uploading to REDACTED_HOST...
[Sat Mar  7 11:00:07 AM EST 2026] Export complete.
[Sat Mar  7 11:05:01 AM EST 2026] Starting Noosphere export...
[Sat Mar  7 11:05:01 AM EST 2026] Running Noosphere generators...
Already exists: 2026-03-07-weather
Already exists: 2026-03-07-wittgenstein
Already exists: 2026-03-07-russian
Already exists: 2026-03-07-corpus-surprise
Already exists: 2026-03-07-entropy-garden
Already exists: 2026-03-07-git-log
Already exists: 2026-03-07-midnight-postcard
Already exists: 2026-03-07-music-rec
  untranslatable: skipped (not scheduled today)
  apophenia: skipped (not scheduled today)
Already exists: 2026-03-07-penny-red
  the_diff: skipped (not scheduled today)
  typeface: skipped (not scheduled today)
  recipe: skipped (not scheduled today)
  dead_medium: skipped (not scheduled today)
  annotation: skipped (not scheduled today)
  monthly_playlist: skipped (not scheduled today)
✅ All content pools healthy.
[Sat Mar  7 11:05:02 AM EST 2026] Done.
  Exported 50 feed items
[Sat Mar  7 11:05:02 AM EST 2026] Uploading to REDACTED_HOST...
[Sat Mar  7 11:05:07 AM EST 2026] Export complete.
[Sat Mar  7 11:10:01 AM EST 2026] Starting Noosphere export...
[Sat Mar  7 11:10:01 AM EST 2026] Running Noosphere generators...
Already exists: 2026-03-07-weather
Already exists: 2026-03-07-wittgenstein
Already exists: 2026-03-07-russian
Already exists: 2026-03-07-corpus-surprise
Already exists: 2026-03-07-entropy-garden
Already exists: 2026-03-07-git-log
Already exists: 2026-03-07-midnight-postcard
Already exists: 2026-03-07-music-rec
  untranslatable: skipped (not scheduled today)
  apophenia: skipped (not scheduled today)
Already exists: 2026-03-07-penny-red
  the_diff: skipped (not scheduled today)
  typeface: skipped (not scheduled today)
  recipe: skipped (not scheduled today)
  dead_medium: skipped (not scheduled today)
  annotation: skipped (not scheduled today)
  monthly_playlist: skipped (not scheduled today)
✅ All content pools healthy.
[Sat Mar  7 11:10:02 AM EST 2026] Done.
  Exported 181 feed items
[Sat Mar  7 11:10:02 AM EST 2026] Uploading to REDACTED_HOST...
[Sat Mar  7 11:10:08 AM EST 2026] Export complete.
